<area shape="rect" href="$interfaceXPCOM_1_1IObject.html" title="XPCOM::IObject" alt="" coords="5,2285,125,2312">
<area shape="rect" href="$interfacecellml__api_1_1CellMLBootstrap.html" title="cellml_api::CellMLBootstrap" alt="" coords="228,259,412,285">
<area shape="rect" href="$interfacecellml__api_1_1CellMLDOMElement.html" title="cellml_api::CellMLDOMElement" alt="" coords="217,309,423,336">
<area shape="rect" href="$interfacecellml__api_1_1CellMLElement.html" title="cellml_api::CellMLElement" alt="" coords="232,360,408,387">
<area shape="rect" href="$interfacecellml__api_1_1CellMLElementIterator.html" title="cellml_api::CellMLElementIterator" alt="" coords="212,1019,428,1045">
<area shape="rect" href="$interfacecellml__api_1_1CellMLElementSet.html" title="cellml_api::CellMLElementSet" alt="" coords="223,1652,417,1679">
<area shape="rect" href="$interfacecellml__api_1_1DocumentLoadedListener.html" title="cellml_api::DocumentLoadedListener" alt="" coords="203,1449,437,1476">
<area shape="rect" href="$interfacecellml__api_1_1DOMURLLoader.html" title="cellml_api::DOMURLLoader" alt="" coords="229,1500,411,1527">
<area shape="rect" href="$interfacecellml__api_1_1ExtensionElementList.html" title="cellml_api::ExtensionElementList" alt="" coords="213,1551,427,1577">
<area shape="rect" href="$interfacecellml__api_1_1ImportInstantiationListener.html" title="cellml_api::ImportInstantiationListener" alt="" coords="200,1601,440,1628">
<area shape="rect" href="$interfacecellml__api_1_1MathList.html" title="cellml_api::MathList" alt="" coords="252,1703,388,1729">
<area shape="rect" href="$interfacecellml__api_1_1MathMLElementIterator.html" title="cellml_api::MathMLElementIterator" alt="" coords="208,1753,432,1780">
<area shape="rect" href="$interfacecellml__api_1_1ModelLoadedListener.html" title="cellml_api::ModelLoadedListener" alt="" coords="215,1804,425,1831">
<area shape="rect" href="$interfacecellml__api_1_1ModelLoader.html" title="cellml_api::ModelLoader" alt="" coords="240,1855,400,1881">
<area shape="rect" href="$interfacecellml__api_1_1RDFRepresentation.html" title="cellml_api::RDFRepresentation" alt="" coords="220,1905,420,1932">
<area shape="rect" href="$interfacecellml__api_1_1URI.html" title="cellml_api::URI" alt="" coords="265,1956,375,1983">
<area shape="rect" href="$interfacecellml__api_1_1UserData.html" title="cellml_api::UserData" alt="" coords="249,2007,391,2033">
<area shape="rect" href="$interfacecellml__context_1_1CellMLContext.html" title="cellml_context::CellMLContext" alt="" coords="221,2057,419,2084">
<area shape="rect" href="$interfacecellml__context_1_1CellMLModule.html" title="cellml_context::CellMLModule" alt="" coords="223,2108,417,2135">
<area shape="rect" href="$interfacecellml__context_1_1CellMLModuleManager.html" title="cellml_context::CellMLModuleManager" alt="" coords="197,2159,443,2185">
<area shape="rect" href="$interfacecellml__context_1_1CellMLModuleMonitor.html" title="cellml_context::CellMLModuleMonitor" alt="" coords="201,2209,439,2236">
<area shape="rect" href="$interfacecellml__context_1_1CellMLTypeAnnotationManager.html" title="cellml_context::CellMLTypeAnnotationManager" alt="" coords="175,2260,465,2287">
<area shape="rect" href="$interfacecellml__context_1_1ModelListMonitor.html" title="cellml_context::ModelListMonitor" alt="" coords="215,2311,425,2337">
<area shape="rect" href="$interfacecellml__context_1_1ModelNode.html" title="cellml_context::ModelNode" alt="" coords="231,2361,409,2388">
<area shape="rect" href="$interfacecellml__context_1_1ModelNodeMonitor.html" title="cellml_context::ModelNodeMonitor" alt="" coords="209,2412,431,2439">
<area shape="rect" href="$interfacecellml__services_1_1AnnotationSet.html" title="cellml_services::AnnotationSet" alt="" coords="220,2463,420,2489">
<area shape="rect" href="$interfacecellml__services_1_1AnnotationToolService.html" title="cellml_services::AnnotationToolService" alt="" coords="196,2513,444,2540">
<area shape="rect" href="$interfacecellml__services_1_1BaseUnitInstance.html" title="cellml_services::BaseUnitInstance" alt="" coords="209,2564,431,2591">
<area shape="rect" href="$interfacecellml__services_1_1CanonicalUnitRepresentation.html" title="cellml_services::CanonicalUnitRepresentation" alt="" coords="177,2615,463,2641">
<area shape="rect" href="$interfacecellml__services_1_1CellMLValidityError.html" title="cellml_services::CellMLValidityError" alt="" coords="207,2665,433,2692">
<area shape="rect" href="$interfacecellml__services_1_1CellMLValidityErrorSet.html" title="cellml_services::CellMLValidityErrorSet" alt="" coords="196,2716,444,2743">
<area shape="rect" href="$interfacecellml__services_1_1CodeExporter.html" title="cellml_services::CodeExporter" alt="" coords="221,2767,419,2793">
<area shape="rect" href="$interfacecellml__services_1_1CUSES.html" title="cellml_services::CUSES" alt="" coords="239,2817,401,2844">
<area shape="rect" href="$interfacecellml__services_1_1DegreeVariable.html" title="cellml_services::DegreeVariable" alt="" coords="217,2868,423,2895">
<area shape="rect" href="$interfacecellml__services_1_1DegreeVariableIterator.html" title="cellml_services::DegreeVariableIterator" alt="" coords="196,2919,444,2945">
<area shape="rect" href="$interfacecellml__services_1_1LanguageDictionary.html" title="cellml_services::LanguageDictionary" alt="" coords="204,2969,436,2996">
<area shape="rect" href="$interfacecellml__services_1_1MaLaESBootstrap.html" title="cellml_services::MaLaESBootstrap" alt="" coords="208,3020,432,3047">
<area shape="rect" href="$interfacecellml__services_1_1MaLaESResult.html" title="cellml_services::MaLaESResult" alt="" coords="217,3071,423,3097">
<area shape="rect" href="$interfacecellml__services_1_1MaLaESTransform.html" title="cellml_services::MaLaESTransform" alt="" coords="207,3121,433,3148">
<area shape="rect" href="$interfacecellml__services_1_1VACSService.html" title="cellml_services::VACSService" alt="" coords="221,3172,419,3199">
<area shape="rect" href="$interfacerdf__api_1_1DataSource.html" title="rdf_api::DataSource" alt="" coords="252,3223,388,3249">
<area shape="rect" href="$interfacerdf__api_1_1Node.html" title="rdf_api::Node" alt="" coords="271,3273,369,3300">
<area shape="rect" href="$interfacerdf__api_1_1Triple.html" title="rdf_api::Triple" alt="" coords="271,3324,369,3351">
<area shape="rect" href="$interfacerdf__api_1_1TripleSet.html" title="rdf_api::TripleSet" alt="" coords="260,3375,380,3401">
<area shape="rect" href="$interfacecellml__api_1_1CellMLImport.html" title="cellml_api::CellMLImport" alt="" coords="592,208,755,235">
<area shape="rect" href="$interfacecellml__api_1_1ComponentRef.html" title="cellml_api::ComponentRef" alt="" coords="587,259,760,285">
<area shape="rect" href="$interfacecellml__api_1_1Connection.html" title="cellml_api::Connection" alt="" coords="597,309,749,336">
<area shape="rect" href="$interfacecellml__api_1_1Group.html" title="cellml_api::Group" alt="" coords="612,360,735,387">
<area shape="rect" href="$interfacecellml__api_1_1MapComponents.html" title="cellml_api::MapComponents" alt="" coords="581,411,765,437">
<area shape="rect" href="$interfacecellml__api_1_1MapVariables.html" title="cellml_api::MapVariables" alt="" coords="591,461,756,488">
<area shape="rect" href="$interfacecellml__api_1_1NamedCellMLElement.html" title="cellml_api::NamedCellMLElement" alt="" coords="565,512,781,539">
<area shape="rect" href="$interfacecellml__api_1_1Reaction.html" title="cellml_api::Reaction" alt="" coords="604,5,743,32">
<area shape="rect" href="$interfacecellml__api_1_1RelationshipRef.html" title="cellml_api::RelationshipRef" alt="" coords="584,56,763,83">
<area shape="rect" href="$interfacecellml__api_1_1Role.html" title="cellml_api::Role" alt="" coords="617,563,729,589">
<area shape="rect" href="$interfacecellml__api_1_1Unit.html" title="cellml_api::Unit" alt="" coords="619,107,728,133">
<area shape="rect" href="$interfacecellml__api_1_1VariableRef.html" title="cellml_api::VariableRef" alt="" coords="597,157,749,184">
<area shape="rect" href="$interfacecellml__api_1_1CellMLComponent.html" title="cellml_api::CellMLComponent" alt="" coords="900,613,1092,640">
<area shape="rect" href="$interfacecellml__api_1_1CellMLVariable.html" title="cellml_api::CellMLVariable" alt="" coords="911,563,1081,589">
<area shape="rect" href="$interfacecellml__api_1_1Model.html" title="cellml_api::Model" alt="" coords="935,461,1057,488">
<area shape="rect" href="$interfacecellml__api_1_1ImportComponent.html" title="cellml_api::ImportComponent" alt="" coords="1171,613,1360,640">
<area shape="rect" href="$interfacecellml__api_1_1ImportUnits.html" title="cellml_api::ImportUnits" alt="" coords="1188,512,1343,539">
<area shape="rect" href="$interfacecellml__api_1_1CellMLComponentIterator.html" title="cellml_api::CellMLComponentIterator" alt="" coords="557,968,789,995">
<area shape="rect" href="$interfacecellml__api_1_1CellMLImportIterator.html" title="cellml_api::CellMLImportIterator" alt="" coords="571,1019,776,1045">
<area shape="rect" href="$interfacecellml__api_1_1CellMLVariableIterator.html" title="cellml_api::CellMLVariableIterator" alt="" coords="567,1069,780,1096">
<area shape="rect" href="$interfacecellml__api_1_1ComponentRefIterator.html" title="cellml_api::ComponentRefIterator" alt="" coords="567,1120,780,1147">
<area shape="rect" href="$interfacecellml__api_1_1ConnectionIterator.html" title="cellml_api::ConnectionIterator" alt="" coords="577,1171,769,1197">
<area shape="rect" href="$interfacecellml__api_1_1GroupIterator.html" title="cellml_api::GroupIterator" alt="" coords="592,1221,755,1248">
<area shape="rect" href="$interfacecellml__api_1_1MapVariablesIterator.html" title="cellml_api::MapVariablesIterator" alt="" coords="571,1272,776,1299">
<area shape="rect" href="$interfacecellml__api_1_1ModelIterator.html" title="cellml_api::ModelIterator" alt="" coords="592,1323,755,1349">
<area shape="rect" href="$interfacecellml__api_1_1ReactionIterator.html" title="cellml_api::ReactionIterator" alt="" coords="584,664,763,691">
<area shape="rect" href="$interfacecellml__api_1_1RelationshipRefIterator.html" title="cellml_api::RelationshipRefIterator" alt="" coords="564,715,783,741">
<area shape="rect" href="$interfacecellml__api_1_1RoleIterator.html" title="cellml_api::RoleIterator" alt="" coords="596,765,751,792">
<area shape="rect" href="$interfacecellml__api_1_1UnitIterator.html" title="cellml_api::UnitIterator" alt="" coords="597,816,749,843">
<area shape="rect" href="$interfacecellml__api_1_1UnitsIterator.html" title="cellml_api::UnitsIterator" alt="" coords="595,867,752,893">
<area shape="rect" href="$interfacecellml__api_1_1VariableRefIterator.html" title="cellml_api::VariableRefIterator" alt="" coords="576,917,771,944">
<area shape="rect" href="$interfacecellml__api_1_1ImportComponentIterator.html" title="cellml_api::ImportComponentIterator" alt="" coords="880,968,1112,995">
<area shape="rect" href="$interfacecellml__api_1_1ImportUnitsIterator.html" title="cellml_api::ImportUnitsIterator" alt="" coords="899,867,1093,893">
<area shape="rect" href="$interfacecellml__api_1_1CellMLImportSet.html" title="cellml_api::CellMLImportSet" alt="" coords="581,1576,765,1603">
<area shape="rect" href="$interfacecellml__api_1_1ComponentRefSet.html" title="cellml_api::ComponentRefSet" alt="" coords="577,1627,769,1653">
<area shape="rect" href="$interfacecellml__api_1_1ConnectionSet.html" title="cellml_api::ConnectionSet" alt="" coords="588,1677,759,1704">
<area shape="rect" href="$interfacecellml__api_1_1GroupSet.html" title="cellml_api::GroupSet" alt="" coords="603,1728,744,1755">
<area shape="rect" href="$interfacecellml__api_1_1MapVariablesSet.html" title="cellml_api::MapVariablesSet" alt="" coords="581,1779,765,1805">
<area shape="rect" href="$interfacecellml__api_1_1NamedCellMLElementSet.html" title="cellml_api::NamedCellMLElementSet" alt="" coords="556,1880,791,1907">
<area shape="rect" href="$interfacecellml__api_1_1ReactionSet.html" title="cellml_api::ReactionSet" alt="" coords="595,1829,752,1856">
<area shape="rect" href="$interfacecellml__api_1_1RelationshipRefSet.html" title="cellml_api::RelationshipRefSet" alt="" coords="575,1373,772,1400">
<area shape="rect" href="$interfacecellml__api_1_1RoleSet.html" title="cellml_api::RoleSet" alt="" coords="607,1424,740,1451">
<area shape="rect" href="$interfacecellml__api_1_1UnitSet.html" title="cellml_api::UnitSet" alt="" coords="608,1475,739,1501">
<area shape="rect" href="$interfacecellml__api_1_1VariableRefSet.html" title="cellml_api::VariableRefSet" alt="" coords="587,1525,760,1552">
<area shape="rect" href="$interfacecellml__api_1_1CellMLComponentSet.html" title="cellml_api::CellMLComponentSet" alt="" coords="891,1905,1101,1932">
<area shape="rect" href="$interfacecellml__api_1_1CellMLVariableSet.html" title="cellml_api::CellMLVariableSet" alt="" coords="900,1956,1092,1983">
<area shape="rect" href="$interfacecellml__api_1_1ModelSet.html" title="cellml_api::ModelSet" alt="" coords="925,1804,1067,1831">
<area shape="rect" href="$interfacecellml__api_1_1UnitsSet.html" title="cellml_api::UnitsSet" alt="" coords="928,1855,1064,1881">
<area shape="rect" href="$interfacecellml__api_1_1ImportComponentSet.html" title="cellml_api::ImportComponentSet" alt="" coords="1160,1905,1371,1932">
<area shape="rect" href="$interfacecellml__api_1_1ImportUnitsSet.html" title="cellml_api::ImportUnitsSet" alt="" coords="1179,1855,1352,1881">
<area shape="rect" href="$interfacecellml__api_1_1DOMModelLoader.html" title="cellml_api::DOMModelLoader" alt="" coords="577,1931,769,1957">
<area shape="rect" href="$interfacecellml__api_1_1RDFXMLDOMRepresentation.html" title="cellml_api::RDFXMLDOMRepresentation" alt="" coords="545,1981,801,2008">
<area shape="rect" href="$interfacecellml__api_1_1RDFXMLStringRepresentation.html" title="cellml_api::RDFXMLStringRepresentation" alt="" coords="543,2032,804,2059">
<area shape="rect" href="$interfacerdf__api_1_1RDFAPIRepresentation.html" title="rdf_api::RDFAPIRepresentation" alt="" coords="572,2083,775,2109">
<area shape="rect" href="$interfacecellml__services_1_1ObjectAnnotation.html" title="cellml_services::ObjectAnnotation" alt="" coords="564,2133,783,2160">
<area shape="rect" href="$interfacecellml__services_1_1StringAnnotation.html" title="cellml_services::StringAnnotation" alt="" coords="565,2184,781,2211">
<area shape="rect" href="$interfacecellml__services_1_1CellMLRepresentationValidityError.html" title="cellml_services::CellMLRepresentationValidityError" alt="" coords="516,2640,831,2667">
<area shape="rect" href="$interfacecellml__services_1_1CellMLSemanticValidityError.html" title="cellml_services::CellMLSemanticValidityError" alt="" coords="532,2691,815,2717">
<area shape="rect" href="$interfacerdf__api_1_1Literal.html" title="rdf_api::Literal" alt="" coords="621,3248,725,3275">
<area shape="rect" href="$interfacerdf__api_1_1Resource.html" title="rdf_api::Resource" alt="" coords="612,3299,735,3325">
<area shape="rect" href="$interfacerdf__api_1_1PlainLiteral.html" title="rdf_api::PlainLiteral" alt="" coords="931,3197,1061,3224">
<area shape="rect" href="$interfacerdf__api_1_1TypedLiteral.html" title="rdf_api::TypedLiteral" alt="" coords="927,3248,1065,3275">
<area shape="rect" href="$interfacerdf__api_1_1BlankNode.html" title="rdf_api::BlankNode" alt="" coords="931,3299,1061,3325">
<area shape="rect" href="$interfacerdf__api_1_1URIReference.html" title="rdf_api::URIReference" alt="" coords="921,3349,1071,3376">
