<area shape="rect" href="$interfacecellml__api_1_1CellMLElement.html" title="cellml_api::CellMLElement" alt="" coords="583,461,759,488">
<area shape="rect" href="$interfacecellml__api_1_1NamedCellMLElement.html" title="cellml_api::NamedCellMLElement" alt="" coords="1021,556,1237,583">
<area shape="rect" href="$interfaceXPCOM_1_1IObject.html" title="XPCOM::IObject" alt="" coords="5,379,125,405">
<area shape="rect" href="$interfacecellml__api_1_1URI.html" title="cellml_api::URI" alt="" coords="417,128,527,155">
<area shape="rect" href="$interfacecellml__api_1_1CellMLElementSet.html" title="cellml_api::CellMLElementSet" alt="" coords="187,327,381,353">
<area shape="rect" href="$interfacecellml__api_1_1ExtensionElementList.html" title="cellml_api::ExtensionElementList" alt="" coords="177,416,391,443">
<area shape="rect" href="$interfacecellml__api_1_1Model.html" title="cellml_api::Model" alt="" coords="1395,293,1517,320">
<area shape="rect" href="$interfacecellml__api_1_1GroupSet.html" title="cellml_api::GroupSet" alt="" coords="835,385,976,412">
<area shape="rect" href="$interfacecellml__api_1_1NamedCellMLElementSet.html" title="cellml_api::NamedCellMLElementSet" alt="" coords="553,199,788,225">
<area shape="rect" href="$interfacecellml__api_1_1CellMLImportSet.html" title="cellml_api::CellMLImportSet" alt="" coords="813,252,997,279">
<area shape="rect" href="$interfacecellml__api_1_1ConnectionSet.html" title="cellml_api::ConnectionSet" alt="" coords="820,296,991,323">
<area shape="rect" href="$interfacecellml__api_1_1CellMLComponentSet.html" title="cellml_api::CellMLComponentSet" alt="" coords="1024,199,1235,225">
<area shape="rect" href="$interfacecellml__api_1_1UnitsSet.html" title="cellml_api::UnitsSet" alt="" coords="1061,148,1197,175">
