<area shape="rect" href="$interfacecellml__api_1_1CellMLComponentSet.html" title="cellml_api::CellMLComponentSet" alt="" coords="705,5,916,32">
<area shape="rect" href="$interfacecellml__api_1_1CellMLVariableSet.html" title="cellml_api::CellMLVariableSet" alt="" coords="715,56,907,83">
<area shape="rect" href="$interfacecellml__api_1_1ModelSet.html" title="cellml_api::ModelSet" alt="" coords="740,107,881,133">
<area shape="rect" href="$interfacecellml__api_1_1UnitsSet.html" title="cellml_api::UnitsSet" alt="" coords="743,157,879,184">
<area shape="rect" href="$interfacecellml__api_1_1CellMLElementSet.html" title="cellml_api::CellMLElementSet" alt="" coords="175,81,369,108">
<area shape="rect" href="$interfaceXPCOM_1_1IObject.html" title="XPCOM::IObject" alt="" coords="5,81,125,108">
<area shape="rect" href="$interfacecellml__api_1_1ImportComponentSet.html" title="cellml_api::ImportComponentSet" alt="" coords="965,5,1176,32">
<area shape="rect" href="$interfacecellml__api_1_1ImportUnitsSet.html" title="cellml_api::ImportUnitsSet" alt="" coords="984,157,1157,184">
