<area shape="rect" href="$interfacecellml__api_1_1CellMLImportSet.html" title="cellml_api::CellMLImportSet" alt="" coords="445,5,629,32">
<area shape="rect" href="$interfacecellml__api_1_1ComponentRefSet.html" title="cellml_api::ComponentRefSet" alt="" coords="441,56,633,83">
<area shape="rect" href="$interfacecellml__api_1_1ConnectionSet.html" title="cellml_api::ConnectionSet" alt="" coords="452,107,623,133">
<area shape="rect" href="$interfacecellml__api_1_1GroupSet.html" title="cellml_api::GroupSet" alt="" coords="467,157,608,184">
<area shape="rect" href="$interfacecellml__api_1_1MapVariablesSet.html" title="cellml_api::MapVariablesSet" alt="" coords="445,208,629,235">
<area shape="rect" href="$interfacecellml__api_1_1NamedCellMLElementSet.html" title="cellml_api::NamedCellMLElementSet" alt="" coords="420,259,655,285">
<area shape="rect" href="$interfacecellml__api_1_1ReactionSet.html" title="cellml_api::ReactionSet" alt="" coords="459,309,616,336">
<area shape="rect" href="$interfacecellml__api_1_1RelationshipRefSet.html" title="cellml_api::RelationshipRefSet" alt="" coords="439,360,636,387">
<area shape="rect" href="$interfacecellml__api_1_1RoleSet.html" title="cellml_api::RoleSet" alt="" coords="471,411,604,437">
<area shape="rect" href="$interfacecellml__api_1_1UnitSet.html" title="cellml_api::UnitSet" alt="" coords="472,461,603,488">
<area shape="rect" href="$interfacecellml__api_1_1VariableRefSet.html" title="cellml_api::VariableRefSet" alt="" coords="451,512,624,539">
<area shape="rect" href="$interfaceXPCOM_1_1IObject.html" title="XPCOM::IObject" alt="" coords="5,259,125,285">
<area shape="rect" href="$interfacecellml__api_1_1CellMLComponentSet.html" title="cellml_api::CellMLComponentSet" alt="" coords="705,183,916,209">
<area shape="rect" href="$interfacecellml__api_1_1CellMLVariableSet.html" title="cellml_api::CellMLVariableSet" alt="" coords="715,233,907,260">
<area shape="rect" href="$interfacecellml__api_1_1ModelSet.html" title="cellml_api::ModelSet" alt="" coords="740,284,881,311">
<area shape="rect" href="$interfacecellml__api_1_1UnitsSet.html" title="cellml_api::UnitsSet" alt="" coords="743,335,879,361">
<area shape="rect" href="$interfacecellml__api_1_1ImportComponentSet.html" title="cellml_api::ImportComponentSet" alt="" coords="965,183,1176,209">
<area shape="rect" href="$interfacecellml__api_1_1ImportUnitsSet.html" title="cellml_api::ImportUnitsSet" alt="" coords="984,335,1157,361">
