<area shape="rect" href="$interfacecellml__api_1_1CellMLElement.html" title="cellml_api::CellMLElement" alt="" coords="583,97,759,124">
<area shape="rect" href="$interfacecellml__api_1_1NamedCellMLElement.html" title="cellml_api::NamedCellMLElement" alt="" coords="1021,43,1237,69">
<area shape="rect" href="$interfaceXPCOM_1_1IObject.html" title="XPCOM::IObject" alt="" coords="5,185,125,212">
<area shape="rect" href="$interfacecellml__api_1_1URI.html" title="cellml_api::URI" alt="" coords="417,209,527,236">
<area shape="rect" href="$interfacecellml__api_1_1CellMLElementSet.html" title="cellml_api::CellMLElementSet" alt="" coords="187,412,381,439">
<area shape="rect" href="$interfacecellml__api_1_1ExtensionElementList.html" title="cellml_api::ExtensionElementList" alt="" coords="177,152,391,179">
<area shape="rect" href="$interfacecellml__api_1_1Model.html" title="cellml_api::Model" alt="" coords="1477,363,1600,389">
<area shape="rect" href="$interfacecellml__api_1_1CellMLVariable.html" title="cellml_api::CellMLVariable" alt="" coords="1783,104,1953,131">
<area shape="rect" href="$interfacecellml__api_1_1GroupSet.html" title="cellml_api::GroupSet" alt="" coords="835,453,976,480">
<area shape="rect" href="$interfacecellml__api_1_1NamedCellMLElementSet.html" title="cellml_api::NamedCellMLElementSet" alt="" coords="553,373,788,400">
<area shape="rect" href="$interfacecellml__api_1_1CellMLImportSet.html" title="cellml_api::CellMLImportSet" alt="" coords="813,489,997,516">
<area shape="rect" href="$interfacecellml__api_1_1ConnectionSet.html" title="cellml_api::ConnectionSet" alt="" coords="820,549,991,576">
<area shape="rect" href="$interfacecellml__api_1_1UnitSet.html" title="cellml_api::UnitSet" alt="" coords="840,173,971,200">
<area shape="rect" href="$interfacecellml__api_1_1RoleSet.html" title="cellml_api::RoleSet" alt="" coords="1624,411,1757,437">
<area shape="rect" href="$interfacecellml__api_1_1CellMLComponentSet.html" title="cellml_api::CellMLComponentSet" alt="" coords="1024,373,1235,400">
<area shape="rect" href="$interfacecellml__api_1_1UnitsSet.html" title="cellml_api::UnitsSet" alt="" coords="1061,323,1197,349">
<area shape="rect" href="$interfacecellml__api_1_1CellMLVariableSet.html" title="cellml_api::CellMLVariableSet" alt="" coords="1261,183,1453,209">
