<area shape="rect" href="$interfacecellml__api_1_1CellMLImport.html" title="cellml_api::CellMLImport" alt="" coords="424,5,587,32">
<area shape="rect" href="$interfacecellml__api_1_1ComponentRef.html" title="cellml_api::ComponentRef" alt="" coords="419,56,592,83">
<area shape="rect" href="$interfacecellml__api_1_1Connection.html" title="cellml_api::Connection" alt="" coords="429,107,581,133">
<area shape="rect" href="$interfacecellml__api_1_1Group.html" title="cellml_api::Group" alt="" coords="444,157,567,184">
<area shape="rect" href="$interfacecellml__api_1_1MapComponents.html" title="cellml_api::MapComponents" alt="" coords="413,208,597,235">
<area shape="rect" href="$interfacecellml__api_1_1MapVariables.html" title="cellml_api::MapVariables" alt="" coords="423,259,588,285">
<area shape="rect" href="$interfacecellml__api_1_1NamedCellMLElement.html" title="cellml_api::NamedCellMLElement" alt="" coords="397,309,613,336">
<area shape="rect" href="$interfacecellml__api_1_1Reaction.html" title="cellml_api::Reaction" alt="" coords="436,360,575,387">
<area shape="rect" href="$interfacecellml__api_1_1RelationshipRef.html" title="cellml_api::RelationshipRef" alt="" coords="416,411,595,437">
<area shape="rect" href="$interfacecellml__api_1_1Role.html" title="cellml_api::Role" alt="" coords="449,461,561,488">
<area shape="rect" href="$interfacecellml__api_1_1Unit.html" title="cellml_api::Unit" alt="" coords="451,512,560,539">
<area shape="rect" href="$interfacecellml__api_1_1VariableRef.html" title="cellml_api::VariableRef" alt="" coords="429,563,581,589">
<area shape="rect" href="$interfaceXPCOM_1_1IObject.html" title="XPCOM::IObject" alt="" coords="5,284,125,311">
<area shape="rect" href="$interfacecellml__api_1_1CellMLComponent.html" title="cellml_api::CellMLComponent" alt="" coords="661,233,853,260">
<area shape="rect" href="$interfacecellml__api_1_1CellMLVariable.html" title="cellml_api::CellMLVariable" alt="" coords="672,284,843,311">
<area shape="rect" href="$interfacecellml__api_1_1Model.html" title="cellml_api::Model" alt="" coords="696,335,819,361">
<area shape="rect" href="$interfacecellml__api_1_1ImportComponent.html" title="cellml_api::ImportComponent" alt="" coords="903,233,1092,260">
<area shape="rect" href="$interfacecellml__api_1_1ImportUnits.html" title="cellml_api::ImportUnits" alt="" coords="920,385,1075,412">
