<area shape="rect" href="$interfacecellml__api_1_1CellMLElement.html" title="cellml_api::CellMLElement" alt="" coords="583,528,759,555">
<area shape="rect" href="$interfacecellml__api_1_1NamedCellMLElement.html" title="cellml_api::NamedCellMLElement" alt="" coords="1021,545,1237,572">
<area shape="rect" href="$interfaceXPCOM_1_1IObject.html" title="XPCOM::IObject" alt="" coords="5,532,125,559">
<area shape="rect" href="$interfacecellml__api_1_1URI.html" title="cellml_api::URI" alt="" coords="417,431,527,457">
<area shape="rect" href="$interfacecellml__api_1_1CellMLElementSet.html" title="cellml_api::CellMLElementSet" alt="" coords="187,319,381,345">
<area shape="rect" href="$interfacecellml__api_1_1ExtensionElementList.html" title="cellml_api::ExtensionElementList" alt="" coords="177,561,391,588">
<area shape="rect" href="$interfacecellml__api_1_1MathList.html" title="cellml_api::MathList" alt="" coords="216,612,352,639">
<area shape="rect" href="$interfacecellml__api_1_1Model.html" title="cellml_api::Model" alt="" coords="1477,273,1600,300">
<area shape="rect" href="$interfacecellml__api_1_1CellMLVariable.html" title="cellml_api::CellMLVariable" alt="" coords="1727,539,1897,565">
<area shape="rect" href="$interfacecellml__api_1_1GroupSet.html" title="cellml_api::GroupSet" alt="" coords="835,327,976,353">
<area shape="rect" href="$interfacecellml__api_1_1NamedCellMLElementSet.html" title="cellml_api::NamedCellMLElementSet" alt="" coords="553,95,788,121">
<area shape="rect" href="$interfacecellml__api_1_1CellMLImportSet.html" title="cellml_api::CellMLImportSet" alt="" coords="813,183,997,209">
<area shape="rect" href="$interfacecellml__api_1_1ConnectionSet.html" title="cellml_api::ConnectionSet" alt="" coords="820,237,991,264">
<area shape="rect" href="$interfacecellml__api_1_1UnitSet.html" title="cellml_api::UnitSet" alt="" coords="840,369,971,396">
<area shape="rect" href="$interfacecellml__api_1_1CellMLComponentSet.html" title="cellml_api::CellMLComponentSet" alt="" coords="1024,73,1235,100">
<area shape="rect" href="$interfacecellml__api_1_1UnitsSet.html" title="cellml_api::UnitsSet" alt="" coords="1061,124,1197,151">
<area shape="rect" href="$interfacecellml__api_1_1CellMLVariableSet.html" title="cellml_api::CellMLVariableSet" alt="" coords="1261,5,1453,32">
