<area shape="rect" href="$interfaceXPCOM_1_1IObject.html" title="XPCOM::IObject" alt="" coords="5,416,125,443">
<area shape="rect" href="$interfacecellml__api_1_1CellMLElement.html" title="cellml_api::CellMLElement" alt="" coords="583,365,759,392">
<area shape="rect" href="$interfacecellml__api_1_1CellMLElementSet.html" title="cellml_api::CellMLElementSet" alt="" coords="187,247,381,273">
<area shape="rect" href="$interfacecellml__api_1_1ExtensionElementList.html" title="cellml_api::ExtensionElementList" alt="" coords="177,416,391,443">
<area shape="rect" href="$interfacecellml__api_1_1URI.html" title="cellml_api::URI" alt="" coords="417,31,527,57">
<area shape="rect" href="$interfacecellml__api_1_1Model.html" title="cellml_api::Model" alt="" coords="1395,267,1517,293">
<area shape="rect" href="$interfacecellml__api_1_1NamedCellMLElement.html" title="cellml_api::NamedCellMLElement" alt="" coords="1021,417,1237,444">
<area shape="rect" href="$interfacecellml__api_1_1GroupSet.html" title="cellml_api::GroupSet" alt="" coords="835,311,976,337">
<area shape="rect" href="$interfacecellml__api_1_1NamedCellMLElementSet.html" title="cellml_api::NamedCellMLElementSet" alt="" coords="553,221,788,248">
<area shape="rect" href="$interfacecellml__api_1_1CellMLImportSet.html" title="cellml_api::CellMLImportSet" alt="" coords="813,73,997,100">
<area shape="rect" href="$interfacecellml__api_1_1ConnectionSet.html" title="cellml_api::ConnectionSet" alt="" coords="820,137,991,164">
<area shape="rect" href="$interfacecellml__api_1_1CellMLComponentSet.html" title="cellml_api::CellMLComponentSet" alt="" coords="1024,239,1235,265">
<area shape="rect" href="$interfacecellml__api_1_1UnitsSet.html" title="cellml_api::UnitsSet" alt="" coords="1061,188,1197,215">
