<area shape="rect" href="$interfaceXPCOM_1_1IObject.html" title="XPCOM::IObject" alt="" coords="5,504,125,531">
<area shape="rect" href="$interfacecellml__context_1_1ModelNode.html" title="cellml_context::ModelNode" alt="" coords="1864,584,2043,611">
<area shape="rect" href="$interfacecellml__api_1_1CellMLElement.html" title="cellml_api::CellMLElement" alt="" coords="744,736,920,763">
<area shape="rect" href="$interfacecellml__api_1_1CellMLElementSet.html" title="cellml_api::CellMLElementSet" alt="" coords="187,921,381,948">
<area shape="rect" href="$interfacecellml__api_1_1ExtensionElementList.html" title="cellml_api::ExtensionElementList" alt="" coords="177,685,391,712">
<area shape="rect" href="$interfacecellml__api_1_1URI.html" title="cellml_api::URI" alt="" coords="484,796,593,823">
<area shape="rect" href="$interfacecellml__api_1_1CellMLBootstrap.html" title="cellml_api::CellMLBootstrap" alt="" coords="1227,421,1411,448">
<area shape="rect" href="$interfacecellml__api_1_1ModelLoader.html" title="cellml_api::ModelLoader" alt="" coords="204,533,364,560">
<area shape="rect" href="$interfacecellml__api_1_1DOMURLLoader.html" title="cellml_api::DOMURLLoader" alt="" coords="448,368,629,395">
<area shape="rect" href="$interfacecellml__context_1_1CellMLModuleManager.html" title="cellml_context::CellMLModuleManager" alt="" coords="416,253,661,280">
<area shape="rect" href="$interfacecellml__context_1_1CellMLTypeAnnotationManager.html" title="cellml_context::CellMLTypeAnnotationManager" alt="" coords="687,304,977,331">
<area shape="rect" href="$interfacecellml__api_1_1Model.html" title="cellml_api::Model" alt="" coords="1621,833,1744,860">
<area shape="rect" href="$interfacecellml__api_1_1NamedCellMLElement.html" title="cellml_api::NamedCellMLElement" alt="" coords="1211,749,1427,776">
<area shape="rect" href="$interfacecellml__api_1_1GroupSet.html" title="cellml_api::GroupSet" alt="" coords="1024,900,1165,927">
<area shape="rect" href="$interfacecellml__api_1_1NamedCellMLElementSet.html" title="cellml_api::NamedCellMLElementSet" alt="" coords="715,951,949,977">
<area shape="rect" href="$interfacecellml__api_1_1CellMLImportSet.html" title="cellml_api::CellMLImportSet" alt="" coords="1003,1013,1187,1040">
<area shape="rect" href="$interfacecellml__api_1_1ConnectionSet.html" title="cellml_api::ConnectionSet" alt="" coords="1009,1073,1180,1100">
<area shape="rect" href="$interfacecellml__api_1_1CellMLComponentSet.html" title="cellml_api::CellMLComponentSet" alt="" coords="1213,915,1424,941">
<area shape="rect" href="$interfacecellml__api_1_1UnitsSet.html" title="cellml_api::UnitsSet" alt="" coords="1251,969,1387,996">
<area shape="rect" href="$interfacecellml__api_1_1DOMModelLoader.html" title="cellml_api::DOMModelLoader" alt="" coords="736,533,928,560">
