<area shape="rect" href="$interfacecellml__api_1_1CellMLElement.html" title="cellml_api::CellMLElement" alt="" coords="583,152,759,179">
<area shape="rect" href="$interfacecellml__api_1_1NamedCellMLElement.html" title="cellml_api::NamedCellMLElement" alt="" coords="1021,157,1237,184">
<area shape="rect" href="$interfacecellml__api_1_1MapComponents.html" title="cellml_api::MapComponents" alt="" coords="1823,328,2007,355">
<area shape="rect" href="$interfaceXPCOM_1_1IObject.html" title="XPCOM::IObject" alt="" coords="5,347,125,373">
<area shape="rect" href="$interfacecellml__api_1_1URI.html" title="cellml_api::URI" alt="" coords="417,279,527,305">
<area shape="rect" href="$interfacecellml__api_1_1CellMLElementSet.html" title="cellml_api::CellMLElementSet" alt="" coords="187,392,381,419">
<area shape="rect" href="$interfacecellml__api_1_1ExtensionElementList.html" title="cellml_api::ExtensionElementList" alt="" coords="177,236,391,263">
<area shape="rect" href="$interfacecellml__api_1_1MathList.html" title="cellml_api::MathList" alt="" coords="216,801,352,828">
<area shape="rect" href="$interfacecellml__api_1_1Model.html" title="cellml_api::Model" alt="" coords="1507,279,1629,305">
<area shape="rect" href="$interfacecellml__api_1_1CellMLComponent.html" title="cellml_api::CellMLComponent" alt="" coords="1472,612,1664,639">
<area shape="rect" href="$interfacecellml__api_1_1GroupSet.html" title="cellml_api::GroupSet" alt="" coords="835,311,976,337">
<area shape="rect" href="$interfacecellml__api_1_1NamedCellMLElementSet.html" title="cellml_api::NamedCellMLElementSet" alt="" coords="553,521,788,548">
<area shape="rect" href="$interfacecellml__api_1_1CellMLImportSet.html" title="cellml_api::CellMLImportSet" alt="" coords="813,353,997,380">
<area shape="rect" href="$interfacecellml__api_1_1ConnectionSet.html" title="cellml_api::ConnectionSet" alt="" coords="1044,413,1215,440">
<area shape="rect" href="$interfacecellml__api_1_1MapVariablesSet.html" title="cellml_api::MapVariablesSet" alt="" coords="1263,801,1447,828">
<area shape="rect" href="$interfacecellml__api_1_1ReactionSet.html" title="cellml_api::ReactionSet" alt="" coords="827,640,984,667">
<area shape="rect" href="$interfacecellml__api_1_1CellMLComponentSet.html" title="cellml_api::CellMLComponentSet" alt="" coords="1024,543,1235,569">
<area shape="rect" href="$interfacecellml__api_1_1UnitsSet.html" title="cellml_api::UnitsSet" alt="" coords="1061,492,1197,519">
<area shape="rect" href="$interfacecellml__api_1_1CellMLVariableSet.html" title="cellml_api::CellMLVariableSet" alt="" coords="1033,597,1225,624">
